user: Give the correct command.

user: 17 books successfully added.

user: To Kill a Mockingbird (Harper Lee)

user: No books by jake.

