user: No books in system.

user: Successfully added: To Kill a Mockingbird (Harper Lee).

user: Historical Fiction

user: Provide genre type.

user: No books in system.

