user: Success.

user: 100000: jeff

user: Success.

user: 100001: jane

user: Member is not currently renting.

user: No such member in system.

