user: Success.

user: Success.

user: 17 books successfully added.

user: Success.

user: Book is currently unavailable.

user: No such member in system.

user: To Kill a Mockingbird (Harper Lee)

user: Member is not currently renting.

user: Ending Library process.
