user: 17 books successfully added.

user: 17 books successfully added.

user: Success.

user: Success.

user: No rental history for member.

user: Success.

user: Success.

user: Success.

user: Success.

user: No such member in system.

user: No rental history for member.

user: The Hitchhiker's Guide to the Galaxy (Douglas Adams)
To Kill a Mockingbird (Harper Lee)

